Information: Updating design information... (UID-85)
 
****************************************
Report : qor
Design : top
Version: S-2021.06-SP2
Date   : Fri Dec  8 20:42:00 2023
****************************************


  Timing Path Group 'clk'
  -----------------------------------
  Levels of Logic:             154.00
  Critical Path Length:  198554016.00
  Critical Path Slack:     1445984.00
  Critical Path Clk Period:
                         200000000.00
  Total Negative Slack:          0.00
  No. of Violating Paths:        0.00
  Worst Hold Violation:          0.00
  Total Hold Violation:          0.00
  No. of Hold Violations:        0.00
  -----------------------------------


  Cell Count
  -----------------------------------
  Hierarchical Cell Count:          0
  Hierarchical Port Count:          0
  Leaf Cell Count:               2235
  Buf/Inv Cell Count:             500
  Buf Cell Count:                   0
  Inv Cell Count:                 500
  CT Buf/Inv Cell Count:            0
  Combinational Cell Count:      2235
  Sequential Cell Count:            0
  Macro Count:                      0
  -----------------------------------


  Area
  -----------------------------------
  Combinational Area:
                     803693596.000000
  Noncombinational Area:     0.000000
  Buf/Inv Area:      114210000.000000
  Total Buffer Area:             0.00
  Total Inverter Area:   114210000.00
  Macro/Black Box Area:      0.000000
  Net Area:                  0.000000
  -----------------------------------
  Cell Area:         803693596.000000
  Design Area:       803693596.000000


  Design Rules
  -----------------------------------
  Total Number of Nets:          2251
  Nets With Violations:          2235
  Max Trans Violations:          2235
  Max Cap Violations:               0
  -----------------------------------


  Hostname: kamino.ceid.upatras.gr

  Compile CPU Statistics
  -----------------------------------------
  Resource Sharing:                    0.53
  Logic Optimization:                  0.08
  Mapping Optimization:                1.26
  -----------------------------------------
  Overall Compile Time:               13.92
  Overall Compile Wall Clock Time:    14.33

  --------------------------------------------------------------------

  Design  WNS: 0.00  TNS: 0.00  Number of Violating Paths: 0


  Design (Hold)  WNS: 0.00  TNS: 0.00  Number of Violating Paths: 0

  --------------------------------------------------------------------


1
